// Jest Snapshot v1, https://goo.gl/fbAQLP

exports[`APP HOST / should return Hello Books Deferral 1`] = `
Object {
  "data": Object {
    "message": "Hello Books Deferral",
  },
  "status": "success",
}
`;
